   Compiling proc-macro2 v1.0.107
   Compiling unicode-ident v1.0.24
   Compiling quote v1.0.47
   Compiling serde_core v1.0.229
   Compiling serde v1.0.229
   Compiling cfg-if v1.0.4
   Compiling siphasher v1.0.3
   Compiling stable_deref_trait v1.2.1
   Compiling fastrand v2.5.0
   Compiling version_check v0.9.5
   Compiling target-features v0.1.6
   Compiling log v0.4.34
   Compiling rustversion v1.0.23
   Compiling windows-link v0.2.1
   Compiling scopeguard v1.2.0
   Compiling phf_shared v0.13.1
   Compiling parking_lot_core v0.9.12
   Compiling new_debug_unreachable v1.0.6
   Compiling windows-link v0.1.3
   Compiling writeable v0.6.4
   Compiling litemap v0.8.3
   Compiling precomputed-hash v0.1.1
   Compiling memchr v2.8.3
   Compiling libm v0.2.16
   Compiling simd-adler32 v0.3.10
   Compiling utf8_iter v1.0.4
   Compiling phf_generator v0.13.1
   Compiling icu_normalizer_data v2.3.0
   Compiling icu_properties_data v2.3.0
   Compiling generic-array v0.14.7
   Compiling adler2 v2.0.1
   Compiling phf_codegen v0.13.1
   Compiling crc32fast v1.5.1
   Compiling multiversion_no_op v1.0.0
   Compiling core_detect v1.0.0
   Compiling arrayvec v0.7.8
   Compiling simdutf8 v0.1.5
   Compiling windows-strings v0.4.2
   Compiling windows-result v0.3.4
   Compiling autocfg v1.5.1
   Compiling typenum v1.20.1
   Compiling bytemuck v1.25.2
   Compiling miniz_oxide v0.9.1
   Compiling slotmap v1.1.1
   Compiling thiserror v2.0.20
   Compiling float-cmp v0.9.0
   Compiling num-traits v0.2.19
   Compiling core_maths v0.1.1
   Compiling ttf-parser v0.25.1
   Compiling strict-num v0.1.1
   Compiling polycool v0.4.0
   Compiling syn v3.0.5
   Compiling syn v2.0.119
   Compiling string_cache_codegen v0.6.1
   Compiling encoding_rs v0.8.40
   Compiling bitflags v2.13.1
   Compiling aho-corasick v1.1.5
   Compiling regex-syntax v0.8.11
   Compiling crossbeam-utils v0.8.23
   Compiling tinyvec_macros v0.1.1
   Compiling arrayref v0.3.9
   Compiling web_atoms v0.2.6
   Compiling getrandom v0.4.3
   Compiling dtoa v1.0.11
   Compiling percent-encoding v2.3.2
   Compiling flate2 v1.1.10
   Compiling itoa v1.0.18
   Compiling crypto-common v0.1.7
   Compiling block-buffer v0.10.4
   Compiling form_urlencoded v1.2.2
   Compiling dtoa-short v0.3.5
   Compiling tiny-skia-path v0.12.0
   Compiling tinyvec v1.13.2
   Compiling selectors v0.39.0
   Compiling miniz_oxide v0.8.9
   Compiling fdeflate v0.3.7
   Compiling windows-threading v0.1.0
   Compiling libc v0.2.189
   Compiling unic-char-range v0.9.0
   Compiling unicode-bidi-mirroring v0.4.0
   Compiling regex-automata v0.4.18
   Compiling unicode-script v0.5.8
   Compiling unicode-properties v0.1.4
   Compiling unicode-ccc v0.4.0
   Compiling base64 v0.22.1
   Compiling synstructure v0.13.2
   Compiling unic-common v0.9.0
   Compiling memmap2 v0.9.11
   Compiling unic-char-property v0.9.0
   Compiling fontdb v0.23.0
   Compiling unic-ucd-version v0.9.0
   Compiling png v0.18.1
   Compiling digest v0.10.7
   Compiling roxmltree v0.21.1
   Compiling simplecss v0.2.2
   Compiling byteorder-lite v0.1.0
   Compiling quick-error v2.0.1
   Compiling unicode-vo v0.1.0
   Compiling unicode-bidi v0.3.18
   Compiling zune-core v0.5.3
   Compiling sha1_smol v1.0.1
   Compiling regex v1.13.1
   Compiling zerofrom-derive v0.1.7
   Compiling serde_derive v1.0.229
   Compiling yoke-derive v0.8.2
   Compiling zerovec-derive v0.11.6
   Compiling displaydoc v0.2.7
   Compiling phf_macros v0.13.1
   Compiling multiversion-macros v0.8.0
   Compiling windows-implement v0.60.2
   Compiling windows-interface v0.59.3
   Compiling thiserror-impl v2.0.20
   Compiling cssparser-macros v0.7.1
   Compiling derive_more-impl v2.1.1
   Compiling rustc-hash v2.1.3
   Compiling phf v0.13.1
   Compiling xmlwriter v0.1.0
   Compiling weezl v0.1.12
   Compiling color_quant v1.1.0
   Compiling pico-args v0.5.0
   Compiling data-url v0.3.2
   Compiling imagesize v0.14.0
   Compiling cpufeatures v0.2.17
   Compiling gif v0.14.2
   Compiling zune-jpeg v0.5.15
   Compiling uuid v1.26.0
   Compiling tiny-skia v0.12.0
   Compiling image-webp v0.2.4
   Compiling crossbeam-channel v0.5.17
   Compiling zerofrom v0.1.8
   Compiling windows-core v0.61.2
   Compiling multiversion v0.8.0
   Compiling derive_more v2.1.1
   Compiling cobs v0.3.0
   Compiling sha2 v0.10.9
   Compiling unic-ucd-ident v0.9.0
   Compiling yoke v0.8.3
   Compiling windows-future v0.2.1
   Compiling windows-collections v0.2.0
   Compiling windows-numerics v0.2.0
   Compiling smallvec v1.16.0
   Compiling zerovec v0.11.8
   Compiling zerotrie v0.2.5
   Compiling lock_api v0.4.14
   Compiling servo_arc v0.4.3
   Compiling kurbo v0.13.1
   Compiling cssparser v0.37.0
   Compiling rustybuzz v0.20.1
   Compiling windows v0.61.3
   Compiling parking_lot v0.12.5
   Compiling euclid v0.22.14
   Compiling app_units v0.7.8
   Compiling postcard v1.1.3
   Compiling deranged v0.5.8
   Compiling tinystr v0.8.4
   Compiling potential_utf v0.1.6
   Compiling string_cache v0.9.0
   Compiling icu_locale_core v2.3.0
   Compiling icu_collections v2.3.0
   Compiling tendril v0.5.1
   Compiling svgtypes v0.16.1
   Compiling rgb v0.8.53
   Compiling windows-sys v0.61.2
   Compiling markup5ever v0.39.0
   Compiling pin-project-lite v0.2.17
   Compiling icu_provider v2.3.1
   Compiling grid v1.0.1
   Compiling equivalent v1.0.2
   Compiling unicode-segmentation v1.13.3
   Compiling usvg v0.47.0
   Compiling hashbrown v0.17.1
   Compiling num-conv v0.2.2
   Compiling once_cell v1.21.4
   Compiling icu_properties v2.3.0
   Compiling icu_normalizer v2.3.0
   Compiling smallbitvec v2.6.1
   Compiling void v1.0.2
   Compiling time-core v0.1.9
   Compiling thin-vec v0.2.19
   Compiling powerfmt v0.2.0
   Compiling bytes v1.12.1
   Compiling ipc-channel v0.22.0
   Compiling stylo_malloc_size_of v0.19.0
   Compiling indexmap v2.14.2
   Compiling keyboard-types v0.8.3
   Compiling taffy v0.10.1
   Compiling servo-allocator v0.2.0 (C:\Users\mark_\Code\scratch\pillar-research-20260908\handle-implementation\genet-sparse\components\allocator)
   Compiling idna_adapter v1.2.2
   Compiling time v0.3.55
   Compiling idna v1.1.0
   Compiling resvg v0.47.0
   Compiling tokio v1.53.1
   Compiling url v2.5.8
   Compiling http v1.5.0
   Compiling mime v0.3.17
   Compiling atomic_refcell v0.1.14
   Compiling malloc_size_of_derive v0.1.3
   Compiling layout-dom-api v0.1.0 (C:\Users\mark_\Code\scratch\pillar-research-20260908\handle-implementation\genet-sparse\components\shared\layout-dom)
   Compiling xml5ever v0.39.0
   Compiling html5ever v0.39.0
   Compiling urlpattern v0.3.0
   Compiling content-security-policy v0.8.3
   Compiling genet-static-dom v0.1.0 (C:\Users\mark_\Code\scratch\pillar-research-20260908\handle-implementation\genet-sparse\components\genet-static-dom)
   Compiling servo-malloc-size-of v0.2.0 (C:\Users\mark_\Code\scratch\pillar-research-20260908\handle-implementation\genet-sparse\components\malloc_size_of)
   Compiling genet-paint-types v0.1.0 (C:\Users\mark_\Code\scratch\pillar-research-20260908\handle-implementation\genet-sparse\components\shared\paint-types)
   Compiling engine-observables-api v0.1.1 (C:\Users\mark_\Code\scratch\pillar-research-20260908\handle-implementation\genet-sparse\components\shared\engine-observables-api)
   Compiling genet-scripted-dom v0.1.0 (C:\Users\mark_\Code\scratch\pillar-research-20260908\handle-implementation\genet-sparse\components\genet-scripted-dom)
   Compiling genet-handle-boundary-probe v0.0.0 (C:\Users\mark_\Code\scratch\pillar-research-20260908\handle-implementation\s3-repin)
    Finished `release` profile [optimized] target(s) in 2m 31s
     Running `C:\Users\mark_\Code\scratch\pillar-research-20260908\handle-implementation\target-s3-ec\release\genet-handle-boundary-probe.exe`
{"profile":"release","pointer_bytes":8,"node_id_bytes":8,"reflector_data_bytes":8,"current_roots_raw_alias":true,"packed_handles_distinct":true,"foreign_handle_refused":true,"arena_bits":24,"local_bits":40,"packed_arena_limit":16777215,"packed_local_limit":1099511627775,"registry_entries":100000,"registry_capacity":114688,"direct_iterations":1000000,"direct_nanos":2233100,"table_iterations":1000000,"table_nanos":213449400}
