   Compiling syn v3.0.5
   Compiling serde_core v1.0.229
   Compiling syn v2.0.119
    Checking cfg-if v1.0.4
    Checking stable_deref_trait v1.2.1
    Checking siphasher v1.0.3
    Checking log v0.4.34
    Checking scopeguard v1.2.0
    Checking new_debug_unreachable v1.0.6
   Compiling wasm-bindgen-shared v0.2.128
   Compiling serde v1.0.229
   Compiling parking_lot_core v0.9.12
    Checking litemap v0.8.3
    Checking precomputed-hash v0.1.1
    Checking writeable v0.6.4
    Checking simd-adler32 v0.3.10
    Checking utf8_iter v1.0.4
    Checking memchr v2.8.3
   Compiling libm v0.2.16
   Compiling icu_properties_data v2.3.0
   Compiling icu_normalizer_data v2.3.0
   Compiling encoding_rs v0.8.40
    Checking adler2 v2.0.1
    Checking arrayvec v0.7.8
   Compiling crc32fast v1.5.1
   Compiling generic-array v0.14.7
    Checking phf_shared v0.13.1
   Compiling web_atoms v0.2.6
    Checking bytemuck v1.25.2
    Checking typenum v1.20.1
    Checking miniz_oxide v0.9.1
   Compiling bumpalo v3.20.3
    Checking float-cmp v0.9.0
    Checking aho-corasick v1.1.5
   Compiling thiserror v2.0.20
   Compiling slotmap v1.1.1
    Checking polycool v0.4.0
   Compiling num-traits v0.2.19
   Compiling wasm-bindgen v0.2.128
    Checking strict-num v0.1.1
    Checking tendril v0.5.1
    Checking itoa v1.0.18
    Checking tinyvec_macros v0.1.1
    Checking regex-syntax v0.8.11
    Checking percent-encoding v2.3.2
    Checking dtoa v1.0.11
    Checking unicode-ident v1.0.24
    Checking once_cell v1.21.4
    Checking arrayref v0.3.9
    Checking flate2 v1.1.10
    Checking form_urlencoded v1.2.2
    Checking tinyvec v1.13.2
    Checking dtoa-short v0.3.5
   Compiling crossbeam-utils v0.8.23
    Checking tiny-skia-path v0.12.0
    Checking core_maths v0.1.1
    Checking miniz_oxide v0.8.9
    Checking fdeflate v0.3.7
    Checking memmap2 v0.9.11
    Checking ttf-parser v0.25.1
    Checking unicode-script v0.5.8
    Checking unicode-bidi-mirroring v0.4.0
    Checking unic-common v0.9.0
    Checking unicode-ccc v0.4.0
    Checking bitflags v2.13.1
    Checking unicode-properties v0.1.4
    Checking unic-char-range v0.9.0
    Checking base64 v0.22.1
    Checking block-buffer v0.10.4
    Checking crypto-common v0.1.7
   Compiling libc v0.2.189
    Checking unic-ucd-version v0.9.0
   Compiling selectors v0.39.0
   Compiling synstructure v0.13.2
    Checking png v0.18.1
    Checking roxmltree v0.21.1
    Checking simplecss v0.2.2
    Checking unic-char-property v0.9.0
    Checking rustc-hash v2.1.3
    Checking zune-core v0.5.3
    Checking color_quant v1.1.0
    Checking unicode-bidi v0.3.18
    Checking digest v0.10.7
    Checking weezl v0.1.12
    Checking data-url v0.3.2
    Checking pico-args v0.5.0
    Checking regex-automata v0.4.18
    Checking xmlwriter v0.1.0
    Checking byteorder-lite v0.1.0
    Checking sha1_smol v1.0.1
    Checking unicode-vo v0.1.0
    Checking quick-error v2.0.1
    Checking imagesize v0.14.0
    Checking zune-jpeg v0.5.15
    Checking crossbeam-channel v0.5.17
    Checking sha2 v0.10.9
    Checking unic-ucd-ident v0.9.0
    Checking deranged v0.5.8
    Checking rgb v0.8.53
    Checking gif v0.14.2
    Checking image-webp v0.2.4
    Checking unicode-segmentation v1.13.3
    Checking tiny-skia v0.12.0
    Checking time-core v0.1.9
    Checking grid v1.0.1
    Checking fontdb v0.23.0
    Checking bytes v1.12.1
    Checking pin-project-lite v0.2.17
    Checking equivalent v1.0.2
   Compiling serde_derive v1.0.229
   Compiling zerovec-derive v0.11.6
   Compiling displaydoc v0.2.7
   Compiling thiserror-impl v2.0.20
   Compiling cssparser-macros v0.7.1
    Checking void v1.0.2
    Checking hashbrown v0.17.1
    Checking thin-vec v0.2.19
    Checking powerfmt v0.2.0
   Compiling wasm-bindgen-macro-support v0.2.128
    Checking smallbitvec v2.6.1
    Checking num-conv v0.2.2
    Checking http v1.5.0
    Checking taffy v0.10.1
    Checking tokio v1.53.1
    Checking mime v0.3.17
    Checking atomic_refcell v0.1.14
    Checking time v0.3.55
    Checking regex v1.13.1
   Compiling zerofrom-derive v0.1.7
   Compiling yoke-derive v0.8.2
   Compiling phf_macros v0.13.1
   Compiling derive_more-impl v2.1.1
    Checking indexmap v2.14.2
   Compiling malloc_size_of_derive v0.1.3
   Compiling wasm-bindgen-macro v0.2.128
    Checking zerofrom v0.1.8
    Checking phf v0.13.1
    Checking smallvec v1.16.0
    Checking lock_api v0.4.14
    Checking servo_arc v0.4.3
    Checking euclid v0.22.14
    Checking app_units v0.7.8
    Checking keyboard-types v0.8.3
    Checking kurbo v0.13.1
    Checking cssparser v0.37.0
    Checking rustybuzz v0.20.1
    Checking parking_lot v0.12.5
    Checking string_cache v0.9.0
    Checking yoke v0.8.3
    Checking svgtypes v0.16.1
    Checking uuid v1.26.0
    Checking zerovec v0.11.8
    Checking zerotrie v0.2.5
    Checking cobs v0.3.0
    Checking tinystr v0.8.4
    Checking potential_utf v0.1.6
    Checking markup5ever v0.39.0
    Checking usvg v0.47.0
    Checking postcard v1.1.3
    Checking icu_locale_core v2.3.0
    Checking derive_more v2.1.1
    Checking icu_collections v2.3.0
    Checking html5ever v0.39.0
    Checking layout-dom-api v0.1.0 (C:\Users\mark_\Code\scratch\pillar-research-20260908\handle-implementation\genet-sparse\components\shared\layout-dom)
    Checking xml5ever v0.39.0
    Checking ipc-channel v0.22.0
    Checking genet-static-dom v0.1.0 (C:\Users\mark_\Code\scratch\pillar-research-20260908\handle-implementation\genet-sparse\components\genet-static-dom)
    Checking icu_provider v2.3.1
    Checking stylo_malloc_size_of v0.19.0
    Checking icu_properties v2.3.0
    Checking icu_normalizer v2.3.0
    Checking resvg v0.47.0
    Checking idna_adapter v1.2.2
    Checking idna v1.1.0
    Checking url v2.5.8
    Checking urlpattern v0.3.0
    Checking content-security-policy v0.8.3
    Checking servo-malloc-size-of v0.2.0 (C:\Users\mark_\Code\scratch\pillar-research-20260908\handle-implementation\genet-sparse\components\malloc_size_of)
    Checking genet-paint-types v0.1.0 (C:\Users\mark_\Code\scratch\pillar-research-20260908\handle-implementation\genet-sparse\components\shared\paint-types)
    Checking engine-observables-api v0.1.1 (C:\Users\mark_\Code\scratch\pillar-research-20260908\handle-implementation\genet-sparse\components\shared\engine-observables-api)
    Checking genet-scripted-dom v0.1.0 (C:\Users\mark_\Code\scratch\pillar-research-20260908\handle-implementation\genet-sparse\components\genet-scripted-dom)
    Checking genet-handle-boundary-probe v0.0.0 (C:\Users\mark_\Code\scratch\pillar-research-20260908\handle-implementation\s3-repin)
    Finished `release` profile [optimized] target(s) in 1m 16s
