warning: unused imports: `Duration` and `Instant`
 --> src\lib.rs:1:17
  |
1 | use std::time::{Duration, Instant};
  |                 ^^^^^^^^  ^^^^^^^
  |
  = note: `#[warn(unused_imports)]` (part of `#[warn(unused)]`) on by default

warning: unused import: `script_engine_api::ScriptEngine`
 --> src\lib.rs:3:5
  |
3 | use script_engine_api::ScriptEngine;
  |     ^^^^^^^^^^^^^^^^^^^^^^^^^^^^^^^

warning: struct `Scripts` is never constructed
 --> src\lib.rs:7:8
  |
7 | struct Scripts;
  |        ^^^^^^^
  |
  = note: `#[warn(dead_code)]` (part of `#[warn(unused)]`) on by default

warning: function `read` is never used
  --> src\lib.rs:17:4
   |
17 | fn read(rt: &mut Runtime<BoaEngine>, expr: &str) -> String {
   |    ^^^^

warning: function `start` is never used
  --> src\lib.rs:22:4
   |
22 | fn start(rt: &mut Runtime<BoaEngine>) {
   |    ^^^^^

warning: unused import: `script_engine_api::ScriptEngine`
 --> src\lib.rs:3:5
  |
3 | use script_engine_api::ScriptEngine;
  |     ^^^^^^^^^^^^^^^^^^^^^^^^^^^^^^^
  |
  = note: `#[warn(unused_imports)]` (part of `#[warn(unused)]`) on by default

warning: `execution-wake-probe` (lib) generated 5 warnings (run `cargo fix --lib -p execution-wake-probe` to apply 1 suggestion)
warning: `execution-wake-probe` (lib test) generated 1 warning
    Finished `test` profile [unoptimized + debuginfo] target(s) in 34.23s
     Running unittests src\lib.rs (target\debug\deps\execution_wake_probe-eeedbfcbfa25c6ce.exe)

running 1 test
test worker_liveness_is_not_a_timer_and_pump_is_the_wake_service ... ok

test result: ok. 1 passed; 0 failed; 0 ignored; 0 measured; 0 filtered out; finished in 6.02s

   Doc-tests execution_wake_probe

running 0 tests

test result: ok. 0 passed; 0 failed; 0 ignored; 0 measured; 0 filtered out; finished in 0.00s

