warning: unused import: `script_engine_api::ScriptEngine`
 --> src\lib.rs:2:5
  |
2 | use script_engine_api::ScriptEngine;
  |     ^^^^^^^^^^^^^^^^^^^^^^^^^^^^^^^
  |
  = note: `#[warn(unused_imports)]` (part of `#[warn(unused)]`) on by default

warning: function `read` is never used
 --> src\lib.rs:6:4
  |
6 | fn read(rt: &mut Runtime<BoaEngine>, expression: &str) -> String {
  |    ^^^^
  |
  = note: `#[warn(dead_code)]` (part of `#[warn(unused)]`) on by default

warning: function `runtime` is never used
  --> src\lib.rs:11:4
   |
11 | fn runtime() -> Runtime<BoaEngine> {
   |    ^^^^^^^

warning: `retention-backend-probe` (lib) generated 3 warnings
warning: `retention-backend-probe` (lib test) generated 1 warning (1 duplicate)
    Finished `test` profile [unoptimized + debuginfo] target(s) in 30.15s
     Running unittests src\lib.rs (target-s2\debug\deps\retention_backend_probe-fb0c2a7927c19b53.exe)

running 1 test
test js_references_survive_replacement_then_release_collects ... ok

test result: ok. 1 passed; 0 failed; 0 ignored; 0 measured; 0 filtered out; finished in 2.63s

   Doc-tests retention_backend_probe

running 0 tests

test result: ok. 0 passed; 0 failed; 0 ignored; 0 measured; 0 filtered out; finished in 0.00s

